[INFO] Scanning for projects...
[INFO] 
[INFO] ----------------------< proyecto.orgmedi:orgmedi >----------------------
[INFO] Building orgmedi 0.0.2-SNAPSHOT
[INFO]   from pom.xml
[INFO] --------------------------------[ jar ]---------------------------------
[INFO] 
[INFO] --- clean:3.3.2:clean (default-clean) @ orgmedi ---
[INFO] Deleting C:\Users\sergi\Desktop\Trabajo\fp\Segundo\Dise±o de Interfaces web\DWEC-DWES-DIW-Proyecto-ORGMedi\backend\target
[INFO] 
[INFO] --- resources:3.3.1:resources (default-resources) @ orgmedi ---
[INFO] Copying 3 resources from src\main\resources to target\classes
[INFO] Copying 1 resource from src\main\resources to target\classes
[INFO] 
[INFO] --- compiler:3.11.0:compile (default-compile) @ orgmedi ---
[INFO] Changes detected - recompiling the module! :source
[INFO] Compiling 64 source files with javac [debug release 21] to target\classes
[INFO] /C:/Users/sergi/Desktop/Trabajo/fp/Segundo/Dise±o de Interfaces web/DWEC-DWES-DIW-Proyecto-ORGMedi/backend/src/main/java/proyecto/orgmedi/service/ocr/OcrService.java: C:\Users\sergi\Desktop\Trabajo\fp\Segundo\Dise±o de Interfaces web\DWEC-DWES-DIW-Proyecto-ORGMedi\backend\src\main\java\proyecto\orgmedi\service\ocr\OcrService.java uses or overrides a deprecated API.
[INFO] /C:/Users/sergi/Desktop/Trabajo/fp/Segundo/Dise±o de Interfaces web/DWEC-DWES-DIW-Proyecto-ORGMedi/backend/src/main/java/proyecto/orgmedi/service/ocr/OcrService.java: Recompile with -Xlint:deprecation for details.
[INFO] -------------------------------------------------------------
[ERROR] COMPILATION ERROR : 
[INFO] -------------------------------------------------------------
[ERROR] /C:/Users/sergi/Desktop/Trabajo/fp/Segundo/Dise±o de Interfaces web/DWEC-DWES-DIW-Proyecto-ORGMedi/backend/src/main/java/proyecto/orgmedi/service/ConsumoRegistroService.java:[24,8] proyecto.orgmedi.service.ConsumoRegistroService is not abstract and does not override abstract method findAll() in proyecto.orgmedi.service.IConsumoRegistroService
[INFO] 1 error
[INFO] -------------------------------------------------------------
[INFO] ------------------------------------------------------------------------
[INFO] BUILD FAILURE
[INFO] ------------------------------------------------------------------------
[INFO] Total time:  11.853 s
[INFO] Finished at: 2026-02-03T14:26:34+01:00
[INFO] ------------------------------------------------------------------------
[ERROR] Failed to execute goal org.apache.maven.plugins:maven-compiler-plugin:3.11.0:compile (default-compile) on project orgmedi: Compilation failure
[ERROR] /C:/Users/sergi/Desktop/Trabajo/fp/Segundo/Dise±o de Interfaces web/DWEC-DWES-DIW-Proyecto-ORGMedi/backend/src/main/java/proyecto/orgmedi/service/ConsumoRegistroService.java:[24,8] proyecto.orgmedi.service.ConsumoRegistroService is not abstract and does not override abstract method findAll() in proyecto.orgmedi.service.IConsumoRegistroService
[ERROR] 
[ERROR] -> [Help 1]
[ERROR] 
[ERROR] To see the full stack trace of the errors, re-run Maven with the -e switch.
[ERROR] Re-run Maven using the -X switch to enable full debug logging.
[ERROR] 
[ERROR] For more information about the errors and possible solutions, please read the following articles:
[ERROR] [Help 1] http://cwiki.apache.org/confluence/display/MAVEN/MojoFailureException
